=== iPanoramax — vérification locale ===
2026-09-13 21:45:17

### swift --version
swift-driver version: 1.148.6 Apple Swift version 6.3.3 (swiftlang-6.3.3.1.3 clang-2100.1.1.101)
Target: arm64-apple-macosx26.0

### PanoramaxKit — build
[0/1] Planning build
Building for debugging...
[0/1] Write swift-version--58304C5D6DBC2206.txt
Build complete! (0.61s)

### PanoramaxKit — tests
[0/1] Planning build
Building for debugging...
[0/3] Write sources
[1/3] Write swift-version--58304C5D6DBC2206.txt
[3/8] Compiling PanoramaxKitTests AuthAPITests.swift
[4/8] Compiling PanoramaxKitTests MockURLProtocol.swift
[5/8] Compiling PanoramaxKitTests UploadSetsAPITests.swift
[6/8] Compiling PanoramaxKitTests MultipartBodyBuilderTests.swift
[7/8] Emitting module PanoramaxKitTests
[7/9] Write Objects.LinkFileList
[8/9] Linking PanoramaxKitPackageTests
Build complete! (7.41s)
Test Suite 'All tests' started at 2026-09-13 21:45:34.836.
Test Suite 'All tests' passed at 2026-09-13 21:45:34.913.
	 Executed 0 tests, with 0 failures (0 unexpected) in 0.000 (0.076) seconds
◇ Test run started.
↳ Testing Library Version: 1902
↳ Target Platform: arm64e-apple-macos14.0
◇ Suite "Configuration d'instance" started.
◇ Suite "Résolution d'instance" started.
◇ Suite "Préparation d'un envoi" started.
◇ Suite "Corps multipart" started.
◇ Suite "Authentification" started.
◇ Test "Complète les URL saisies par l'utilisateur" started.
◇ Test "Rejette une saisie vide" started.
◇ Suite "Upload sets" started.
◇ Test "Rend la couverture géographique dans la langue demandée" started.
◇ Test "La requête et le corps sur disque sont prêts pour une session background" started.
◇ Test "Le corps respecte le cadrage multipart et préserve le fichier octet pour octet" started.
◇ Test "Décode la configuration de l'instance IGN" started.
◇ Test case passing 1 argument input → "panoramax.openstreetmap.fr" to "Complète les URL saisies par l'utilisateur" started.
◇ Test "Un gros fichier est recopié en flux, sans perte ni troncature" started.
◇ Test "Seules les erreurs transitoires sont rejouables" started.
◇ Test case passing 1 argument input → "https://panoramax.openstreetmap.fr" to "Complète les URL saisies par l'utilisateur" started.
◇ Test case passing 1 argument input → "https://panoramax.openstreetmap.fr/api" to "Complète les URL saisies par l'utilisateur" started.
◇ Test case passing 1 argument input → "https://panoramax.openstreetmap.fr/" to "Complète les URL saisies par l'utilisateur" started.
◇ Test "Écrire deux fois au même endroit écrase proprement" started.
◇ Test "Un jeton jamais revendiqué finit en tokenNotClaimed" started.
◇ Test "Le jeton est généré sans authentification, puis mémorisé" started.
◇ Test "L'attente de revendication s'arrête dès que le serveur répond 200" started.
◇ Test "La clôture vise bien /complete" started.
◇ Test "Un 429 remonte le délai de réessai" started.
◇ Test "Une requête authentifiée porte le jeton en Bearer" started.
◇ Test "Les champs partent en snake_case, les valeurs absentes sont omises" started.
◇ Test "L'état d'un upload set est décodé, fractions de seconde comprises" started.
◇ Test "Le motif de refus d'un fichier est conservé" started.
✔ Test "Rejette une saisie vide" passed after 0.142 seconds.
✔ Test "Complète les URL saisies par l'utilisateur" with 4 test cases passed after 0.142 seconds.
✔ Test "Seules les erreurs transitoires sont rejouables" passed after 0.142 seconds.
✔ Test "Décode la configuration de l'instance IGN" passed after 0.143 seconds.
✔ Test "Rend la couverture géographique dans la langue demandée" passed after 0.143 seconds.
✔ Suite "Résolution d'instance" passed after 0.143 seconds.
✔ Suite "Configuration d'instance" passed after 0.143 seconds.
✔ Test "Le motif de refus d'un fichier est conservé" passed after 0.148 seconds.
✔ Test "Une requête authentifiée porte le jeton en Bearer" passed after 0.149 seconds.
✔ Test "La clôture vise bien /complete" passed after 0.164 seconds.
✔ Test "L'état d'un upload set est décodé, fractions de seconde comprises" passed after 0.165 seconds.
✔ Test "Le jeton est généré sans authentification, puis mémorisé" passed after 0.166 seconds.
✔ Test "Les champs partent en snake_case, les valeurs absentes sont omises" passed after 0.166 seconds.
✔ Suite "Upload sets" passed after 0.167 seconds.
✔ Test "Un 429 remonte le délai de réessai" passed after 0.166 seconds.
✔ Test "L'attente de revendication s'arrête dès que le serveur répond 200" passed after 0.175 seconds.
✔ Test "Le corps respecte le cadrage multipart et préserve le fichier octet pour octet" passed after 0.178 seconds.
✔ Test "Un gros fichier est recopié en flux, sans perte ni troncature" passed after 0.184 seconds.
✔ Test "Un jeton jamais revendiqué finit en tokenNotClaimed" passed after 0.190 seconds.
✔ Suite "Authentification" passed after 0.191 seconds.
✔ Test "La requête et le corps sur disque sont prêts pour une session background" passed after 0.212 seconds.
✔ Suite "Préparation d'un envoi" passed after 0.212 seconds.
✔ Test "Écrire deux fois au même endroit écrase proprement" passed after 0.216 seconds.
✔ Suite "Corps multipart" passed after 0.216 seconds.
✔ Test run with 18 tests in 6 suites passed after 0.217 seconds.

### panoramax-probe — build
[0/1] Planning build
Building for debugging...
[0/3] Write swift-version--58304C5D6DBC2206.txt
Build complete! (0.70s)

### SwiftLint
/Users/pvuylstker/git/iPanoramax/Packages/PanoramaxKit/Sources/PanoramaxKit/Configuration/InstanceConfiguration.swift:34:9: warning: Nesting Violation: Types should be nested at most 1 level deep (nesting)
/Users/pvuylstker/git/iPanoramax/Packages/PanoramaxKit/Sources/PanoramaxKit/Configuration/InstanceConfiguration.swift:56:9: warning: Nesting Violation: Types should be nested at most 1 level deep (nesting)
/Users/pvuylstker/git/iPanoramax/Packages/PanoramaxKit/Sources/PanoramaxKit/Configuration/InstanceConfiguration.swift:68:9: warning: Nesting Violation: Types should be nested at most 1 level deep (nesting)
/Users/pvuylstker/git/iPanoramax/Packages/PanoramaxKit/Tests/PanoramaxKitTests/Support/MockURLProtocol.swift:147:5: warning: Static Over Final Class Violation: Prefer `static` over `class` in a final class (static_over_final_class)
/Users/pvuylstker/git/iPanoramax/Packages/PanoramaxKit/Tests/PanoramaxKitTests/Support/MockURLProtocol.swift:149:5: warning: Static Over Final Class Violation: Prefer `static` over `class` in a final class (static_over_final_class)

RESULTAT: OK
